 .sProgram
   .sIdentifier
   .sIdentifier
  % .sNewLine
  .sParmEnd
  .sBegin
    .sVar
     .sIdentifier
     .sArray
      .sInteger
       .sLike
       .sInteger
    % .sNewLine
    .sAssignmentStmt
    .sIdentifier
    .sSubscript
        .sInteger
    .sExpnEnd
        .sInteger
    .sExpnEnd
    % .sNewLine
  .sEnd
