 .sProgram
   .sIdentifier
   .sIdentifier
  % .sNewLine
  .sParmEnd
  .sBegin
    .sVar
     .sIdentifier
     .sArray
      .sInteger
       .sLike
       .sInteger
    % .sNewLine
    .sAssignmentStmt
    .sIdentifier
    .sSubscript
        .sInteger
    .sExpnEnd
     .sIdentifier
         .sInteger
     .sExpnEnd
     % .sNewLine
    .sAssignmentStmt
    .sIdentifier
    .sSubscript
        .sInteger
    .sExpnEnd
     .sIdentifier
         .sInteger
     .sDivide
     .sExpnEnd
     % .sNewLine
  .sEnd
