 .sProgram
   .sIdentifier
   .sIdentifier
  % .sNewLine
  .sParmEnd
  .sBegin
     .sVar
      .sIdentifier
     .sPublic
     .sInitialValue
          .sInteger
     % .sNewLine
     .sVar
      .sIdentifier
     .sPublic
      .sArray
       .sInteger
        .sFile
        .sLike
        .sInteger
  .sEnd
