 oSymbolStkPush(syProcedure)
 oSymbolTblPushScope
 oCountPush(three)
  oSymbolStkPushLocalIdentifier
  oSymbolStkSetKind(syVariable)
  oTypeStkPush(tpFile)
  oTypeStkLinkToStandardType(stdText)
  oSymbolStkEnterTypeReference
  oValuePush(one)
   .tFileDescriptor
   oAllocateAlignOnWord
   oSymbolStkEnterDataAddress
   .tLiteralInteger
   oEmitValue
   % value emitted 1
   .tFileBind
   .tLiteralAddress
   oEmitDataAddress
   % value emitted 0
   .tStoreInteger
   oAllocateDescriptor
  oSymbolTblEnter
  oSymbolStkPop
  oTypeStkPop
  oValuePop
  oSymbolStkPushLocalIdentifier
  oSymbolStkSetKind(syVariable)
  oTypeStkPush(tpFile)
  oTypeStkLinkToStandardType(stdText)
  oSymbolStkEnterTypeReference
  oValuePush(two)
   .tFileDescriptor
   oAllocateAlignOnWord
   oSymbolStkEnterDataAddress
   .tLiteralInteger
   oEmitValue
   % value emitted 2
   .tFileBind
   .tLiteralAddress
   oEmitDataAddress
   % value emitted 4
   .tStoreInteger
   oAllocateDescriptor
  oSymbolTblEnter
  oSymbolStkPop
  oTypeStkPop
  oValuePop
 oCountPop
   oSymbolStkPushLocalIdentifier
   .tSkipProc
   oFixPushForwardBranch
   oEmitNullAddress
   % value emitted -32767
   oSymbolStkSetKind(syProcedure)
   oValuePushCodeAddress
   oSymbolStkEnterValue
   oValuePop
   oTypeStkPush(tpNull)
   oTypeStkSetRecursionFlag(yes)
   oTypeTblEnter
   oSymbolStkEnterTypeReference
   oSymbolTblEnter
   oSymbolTblPushScope
    oCountPush(zero)
      oValuePushCount
      oCountPushValue
      oValuePop
     oCountPop
     .tParmEnd
     oTypeStkEnterParameterCount
     oCountPop
     oSymbolStkPushLocalIdentifier
       oValuePushInteger
       oSymbolStkPush(syExpression)
       oTypeStkPush(tpInteger)
       oTypeStkLinkToStandardType(stdInteger)
       .tLiteralInteger
       oEmitValue
       % value emitted 5
       oValuePop
      oSymbolStkSetKind(syVariable)
       oAllocateAlignOnWord
       oSymbolStkEnterDataAddress
       oAllocateVariable
      oSymbolStkEnterTypeReference
      oSymbolTblEnter
     .tLiteralAddress
      .tStoreInteger
     oTypeStkPop
     oSymbolStkPop
     oSymbolStkPop
   oTypeStkSetRecursionFlag(no)
   oTypeTblUpdate
   oTypeStkPop
   oSymbolTblUpdate
   oSymbolStkPop
   oSymbolTblPopScope
   oSymbolTblPreserveParameters
   .tProcedureEnd
   oFixPopForwardBranch
 oSymbolTblPopScope
 oSymbolStkPop
 .tTrapBegin
 .tTrap
 oEmitTrapKind(trHalt)
 % value emitted 0