.tFileDescriptor .tLiteralInteger .tFileBind .tLiteralAddress .tStoreInteger .tFileDescriptor .tLiteralInteger .tFileBind .tLiteralAddress .tStoreInteger .tSkipProc .tLiteralAddress .tStoreAddress .tLiteralAddress .tStoreInteger .tParmEnd .tInitialValue .tLiteralInteger .tInitEnd .tLiteralAddress .tStoreInteger .tProcedureEnd .tTrapBegin .tTrap
