 oSymbolStkPush(syProcedure)
 oSymbolTblPushScope
 oCountPush(three)
  oSymbolStkPushLocalIdentifier
  oSymbolStkSetKind(syVariable)
  oTypeStkPush(tpFile)
  oTypeStkLinkToStandardType(stdText)
  oSymbolStkEnterTypeReference
  oValuePush(two)
   .tFileDescriptor
   oAllocateAlignOnWord
   oSymbolStkEnterDataAddress
   .tLiteralInteger
   oEmitValue
   % value emitted 2
   .tFileBind
   .tLiteralAddress
   oEmitDataAddress
   % value emitted 0
   .tStoreInteger
   oAllocateDescriptor
  oSymbolTblEnter
  oSymbolStkPop
  oTypeStkPop
  oValuePop
 oCountPop
   oSymbolStkPushLocalIdentifier
     oValuePushInteger
     oSymbolStkPush(syExpression)
     oTypeStkPush(tpInteger)
     oTypeStkLinkToStandardType(stdInteger)
     .tLiteralInteger
     oEmitValue
     % value emitted 1
     oValuePop
    oSymbolStkSetKind(syVariable)
     oAllocateAlignOnWord
     oSymbolStkEnterDataAddress
     oAllocateVariable
    oSymbolStkEnterTypeReference
    oSymbolTblEnter
   .tLiteralAddress
    .tStoreInteger
 oSymbolTblPopScope
 oSymbolStkPop
 .tTrapBegin
 .tTrap
 oEmitTrapKind(trHalt)
 % value emitted 0
