 % output from running:
 % ssltrace "ptc -o3 -t3 -L lib/pt test/semantic/variables-and-types/like-var-integer.pt" lib/pt/semantic.def | egrep "^ *[\.o%]"
 oSymbolStkPush(syProcedure)
 oSymbolTblPushScope
 oCountPush(three)
  oSymbolStkPushLocalIdentifier
  oSymbolStkSetKind(syVariable)
  oTypeStkPush(tpFile)
  oTypeStkLinkToStandardType(stdText)
  oSymbolStkEnterTypeReference
  oValuePush(two)
   .tFileDescriptor
   oAllocateAlignOnWord
   oSymbolStkEnterDataAddress
   .tLiteralInteger
   oEmitValue
   % value emitted 2
   .tFileBind
   .tLiteralAddress
   oEmitDataAddress
   % value emitted 0
   .tStoreInteger
   oAllocateDescriptor
  oSymbolTblEnter
  oSymbolStkPop
  oTypeStkPop
  oValuePop
 oCountPop
   oSymbolStkPushLocalIdentifier
     oTypeStkPush(tpInteger)
     oTypeStkLinkToStandardType(stdInteger)
    oSymbolStkSetKind(syVariable)
     oAllocateAlignOnWord
     oSymbolStkEnterDataAddress
     oAllocateVariable
    oSymbolStkEnterTypeReference
    oSymbolTblEnter
   oTypeStkPop
   oSymbolStkPop
 oSymbolTblPopScope
 oSymbolStkPop
 .tTrapBegin
 .tTrap
 oEmitTrapKind(trHalt)
 % value emitted 0
