 oSymbolStkPush(syProcedure)
 oSymbolTblPushScope
 oCountPush(three)
  oSymbolStkPushLocalIdentifier
  oSymbolStkSetKind(syVariable)
  oTypeStkPush(tpFile)
  oTypeStkLinkToStandardType(stdText)
  oSymbolStkEnterTypeReference
  oValuePush(two)
   .tFileDescriptor
   oAllocateAlignOnWord
   oSymbolStkEnterDataAddress
   .tLiteralInteger
   oEmitValue
   % value emitted 2
   .tFileBind
   .tLiteralAddress
   oEmitDataAddress
   % value emitted 0
   .tStoreInteger
   oAllocateDescriptor
  oSymbolTblEnter
  oSymbolStkPop
  oTypeStkPop
  oValuePop
 oCountPop
   oSymbolStkPushLocalIdentifier
    oTypeStkPush(tpArray)
     oValuePush(one)
      oTypeStkPush(tpInteger)
      oTypeStkLinkToStandardType(stdInteger)
      oValuePushInteger
     oTypeStkEnterBounds
     oValuePop
     oValuePop
      oTypeStkPush(tpInteger)
      oTypeStkLinkToStandardType(stdInteger)
     oTypeStkEnterComponentReference
     oTypeStkPop
    oSymbolStkSetKind(syVariable)
     oAllocateAlignOnWord
     oSymbolStkEnterDataAddress
     oAllocateVariable
    oSymbolStkEnterTypeReference
    oSymbolTblEnter
   oTypeStkPop
   oSymbolStkPop
 oSymbolTblPopScope
 oSymbolStkPop
 .tTrapBegin
 .tTrap
 oEmitTrapKind(trHalt)
 % value emitted 0