   .tFileDescriptor
   .tLiteralInteger
   oEmitValue
   % value emitted 2
   .tFileBind
   .tLiteralAddress
   oEmitDataAddress
   % value emitted 0
   .tStoreInteger
   .tWriteBegin
     .tTrapBegin
     .tLiteralAddress
     oEmitValue
     % value emitted 0
     .tVarParm
     .tParmEnd
        .tSkipString
        oEmitNullAddress
        % value emitted -32767
        .tStringData
        oEmitValue
        % value emitted 5
        oEmitString
        % value emitted 72
        % value emitted 101
        % value emitted 108
        % value emitted 108
        % value emitted 111
        % value emitted 0
       oEmitNullAddress
       % value emitted -32767
       .tLiteralAddress
       .tFetchChar
       oEmitValue
       % value emitted 21
     .tParmEnd
      .tLiteralInteger
      oEmitValue
      % value emitted 0
      .tParmEnd
      .tTrap
      oEmitTrapKind(trWriteString)
      % value emitted 109
    .tWriteEnd
 .tTrapBegin
 .tTrap
 oEmitTrapKind(trHalt)
 % value emitted 0
