 .sProgram
   .sIdentifier
  % .sNewLine
  .sParmEnd
  .sBegin
    .sVar
     .sIdentifier
     .sInitialValue
         .sStringLiteral
         .sExpnEnd
    % .sNewLine
    .sVar
     .sIdentifier
     .sInitialValue
         .sIdentifier
         .sStringLiteral
       .sConcatenate
       .sExpnEnd
    % .sNewLine
    % .sNewLine
  .sEnd
