 .sProgram
   .sIdentifier
  % .sNewLine
  .sParmEnd
  .sBegin
    .sVar
     .sIdentifier
    .sInitialValue
         .sInteger
        .sInteger
        .sDivide
        .sExpnEnd
    % .sNewLine
    .sVar
     .sIdentifier
     .sInitialValue
         .sInteger
         .sExpnEnd
    % .sNewLine
    .sVar
     .sIdentifier
     .sInitialValue
         .sInteger
         .sExpnEnd
    % .sNewLine
    .sVar
     .sIdentifier
     .sInitialValue
         .sIdentifier
         .sIdentifier
        .sDivide
        .sExpnEnd
    % .sNewLine
  .sEnd
