 .sProgram
   .sIdentifier
  % .sNewLine
  .sParmEnd
  .sBegin
    .sVar
     .sIdentifier
     .sInitialValue
         .sStringLiteral
    % .sNewLine
    .sVar
     .sIdentifier
     .sInitialValue
         .sIdentifier
        .sInteger
         .sInteger
        .sSubstring
    % .sNewLine
  .sEnd
