 .sProgram
   .sIdentifier
  % .sNewLine
  .sParmEnd
  .sBegin
   % .sNewLine
     .sRepeatStmt
     .sBegin
       .sVar
        .sIdentifier
        .sInitialValue
            .sInteger
            .sExpnEnd
       % .sNewLine
     .sEnd
     .sRepeatEnd
         .sInteger
         .sInteger
      .sEq
      .sNot
     .sExpnEnd
     .sNullStmt
     % .sNewLine
  .sEnd
