 .sProgram
   .sIdentifier
  % .sNewLine
  .sParmEnd
  .sBegin
    .sWhileStmt
            .sInteger
            .sInteger
         .sEq
        % .sNewLine
    .sExpnEnd
     .sBegin
       .sVar
        .sIdentifier
        .sInitialValue
            .sInteger
            .sExpnEnd
       % .sNewLine
     % .sNewLine
     .sEnd
  .sEnd
