 .sProgram
   .sIdentifier
  % .sNewLine
  .sParmEnd
  .sBegin
   % .sNewLine
     .sRepeatStmt
     .sBegin
       .sVar
        .sIdentifier
        .sInitialValue
            .sInteger
       % .sNewLine
     .sEnd
     .sRepeatEnd
         .sInteger
         .sInteger
      .sEq
     .sExpnEnd
     % .sNewLine
  .sEnd
